core_cm7.h:2147:34:__NVIC_SystemReset	4	static,ignoring_inline_asm
core_cm7.h:2229:22:SCB_EnableICache	4	static,ignoring_inline_asm
core_cm7.h:2281:22:SCB_EnableDCache	24	static,ignoring_inline_asm
main.c:115:5:main	16	static
main.c:266:6:SystemClock_Config	96	static
main.c:318:6:sd_init	16	static
main.c:351:6:one_image	16	static
main.c:441:6:read_file	16	static
main.c:444:6:Task_display	16	static
main.c:454:6:Task_led	16	static
main.c:464:13:LCD_Config	16	static
main.c:495:13:CPU_CACHE_Enable	8	static
main.c:504:13:MPU_Config	24	static
main.c:563:6:Error_Handler	8	static,ignoring_inline_asm
